(1:5) Only local variables are supported for Assignements
any
