(2:1) Only local variables are supported for Assignements
(3:1) Key not found on record: property
any
