Only local variables are supported for Assignements
null