[
  {
    "kind": "Assign",
    "address": {
      "kind": "Index",
      "index": {
        "kind": "Local",
        "name": "index"
      },
      "value": {
        "kind": "Attribute",
        "key": {
          "kind": "Identifier",
          "name": "property"
        },
        "value": {
          "kind": "Local",
          "name": "toto"
        }
      }
    },
    "value": "value"
  }
]