[
  {
    "kind": "AttributeLambdaSugar",
    "key": {
      "kind": "Identifier",
      "name": "toto"
    }
  }
]