<program>
  <pipe>
    <call>
      <local />
    </call>
    <attribute>
      <index>
        <literal />
        <index>
          <literal />
          <attributelambdasugar />
        </index>
      </index>
    </attribute>
  </pipe>
</program>
