[
  {
    "kind": "Comment",
    "text": " First comment !",
    "node": {
      "kind": "Call",
      "args": [
        {
          "kind": "PositionalArgument",
          "value": "Hello, World !"
        }
      ],
      "value": {
        "kind": "Local",
        "name": "print"
      }
    }
  },
  {
    "kind": "If",
    "condition": {
      "kind": "Comment",
      "text": " Condition if true",
      "node": true
    },
    "ifTrue": {
      "kind": "Block",
      "children": [
        {
          "kind": "Comment",
          "text": " First expression if true",
          "node": true
        },
        {
          "kind": "Comment",
          "text": " Second expression if true",
          "node": 2
        }
      ]
    },
    "ifFalse": {
      "kind": "Block",
      "children": [
        {
          "kind": "Comment",
          "text": " Expression if not true",
          "node": "false as a string"
        }
      ]
    }
  },
  {
    "kind": "Comment",
    "text": " A comment",
    "node": {
      "kind": "Comment",
      "text": " On multiple lines",
      "node": {
        "kind": "Comment",
        "text": " Because we can",
        "node": {
          "kind": "Comment",
          "text": " Add two numbers",
          "node": {
            "kind": "DeclareLocal",
            "mutable": false,
            "name": "add",
            "value": {
              "kind": "Function",
              "body": {
                "kind": "Block",
                "children": [
                  {
                    "kind": "Comment",
                    "text": " Compute the addition",
                    "node": {
                      "kind": "BinaryOperator",
                      "operator": "+",
                      "right": {
                        "kind": "Local",
                        "name": "b"
                      },
                      "left": {
                        "kind": "Local",
                        "name": "a"
                      }
                    }
                  },
                  {
                    "kind": "Comment",
                    "text": " Comment after",
                    "node": null
                  }
                ]
              },
              "parameters": [
                {
                  "name": "a"
                },
                {
                  "name": "b"
                }
              ]
            }
          }
        }
      }
    }
  }
]