(3:8) Implicit parameter type for text
{TOKEN: string, t: (text: any) => () => kinded-record, funcAsValue: () => null}
