(2:7) Unknown symbol: a
(2:11) Unknown symbol: b
() => number
