Unknown symbol: a
Unknown symbol: a
Unknown symbol: a
Unknown symbol: a
Unknown symbol: a
Unknown symbol: toto
any