<program>
  <kindedrecord>
    <local />
    <local />
    <kindedrecord>
      <local />
      <kindedrecordentry>
        <literal />
      </kindedrecordentry>
    </kindedrecord>
    <kindedrecordentry>
      <literal />
    </kindedrecordentry>
    <kindedrecordentry>
      <literal />
    </kindedrecordentry>
    <kindedrecordentry>
      <literal />
    </kindedrecordentry>
    <kindedrecordentry>
      <literal />
    </kindedrecordentry>
    <kindedrecordentry>
      <literal />
    </kindedrecordentry>
  </kindedrecord>
</program>
