(1:1) If condition must be of type boolean or null
number
