[
  0,
  1,
  1,
  202,
  16,
  10,
  15,
  15,
  {
    "kind": "Local",
    "name": "G"
  },
  11205603
]