Unknown symbol: expr1
Unknown symbol: value1
Unknown symbol: expr2
Unknown symbol: value2
Unknown symbol: defaultValue
any