Operator === not compatible with type boolean
Operator === not compatible with type boolean
string