<program>
  <declarelocal>
    <function>
      <block>
        <local />
      </block>
    </function>
  </declarelocal>
  <declarelocal>
    <function>
      <block>
        <try>
          <block>
            <call>
              <local />
            </call>
          </block>
          <nested>
            <local />
          </nested>
        </try>
        <block>
          <literal />
        </block>
      </block>
    </function>
  </declarelocal>
  <call>
    <local />
  </call>
</program>
