<program>
  <try>
    <local />
    <block>
      <local />
    </block>
  </try>
</program>
