<program>
  <declarelocal>
    <function>
      <block>
        <record>
          <recordentry>
            <local />
          </recordentry>
        </record>
      </block>
    </function>
  </declarelocal>
  <call>
    <local />
    <literal />
  </call>
  <call>
    <local />
    <literal />
  </call>
</program>
