[
  {
    "kind": "DeclareLocal",
    "mutable": false,
    "name": "map",
    "value": {
      "kind": "Function",
      "body": {
        "kind": "Block",
        "children": [
          {
            "kind": "Array",
            "value": [
              {
                "kind": "Call",
                "args": [
                  {
                    "kind": "PositionalArgument",
                    "value": {
                      "kind": "Index",
                      "index": 0,
                      "value": {
                        "kind": "Local",
                        "name": "value"
                      }
                    }
                  }
                ],
                "value": {
                  "kind": "Local",
                  "name": "mapper"
                }
              }
            ]
          }
        ]
      },
      "parameters": [
        {
          "name": {
            "kind": "Identifier",
            "name": "value"
          },
          "type": {
            "kind": "array",
            "item": {
              "kind": "named",
              "name": "T"
            }
          }
        },
        {
          "name": {
            "kind": "Identifier",
            "name": "mapper"
          },
          "type": {
            "kind": "function",
            "parameters": [
              {
                "name": {
                  "kind": "Identifier",
                  "name": "item"
                },
                "type": {
                  "kind": "named",
                  "name": "T"
                }
              }
            ],
            "returnType": {
              "kind": "named",
              "name": "U"
            }
          }
        }
      ],
      "returnType": {
        "kind": "array",
        "item": {
          "kind": "named",
          "name": "U"
        }
      },
      "genericParameters": [
        {
          "name": "T"
        },
        {
          "name": "U"
        }
      ]
    }
  },
  {
    "kind": "DeclareLocal",
    "mutable": false,
    "name": "number_to_string",
    "value": {
      "kind": "Function",
      "body": {
        "kind": "Block",
        "children": [
          ""
        ]
      },
      "parameters": [
        {
          "name": {
            "kind": "Identifier",
            "name": "num"
          },
          "type": {
            "kind": "named",
            "name": "number"
          }
        }
      ],
      "returnType": {
        "kind": "named",
        "name": "string"
      }
    }
  },
  {
    "kind": "Call",
    "args": [
      {
        "kind": "NamedArgument",
        "name": {
          "kind": "Identifier",
          "name": "value"
        },
        "value": {
          "kind": "Array",
          "value": [
            true
          ]
        }
      },
      {
        "kind": "NamedArgument",
        "name": {
          "kind": "Identifier",
          "name": "mapper"
        },
        "value": {
          "kind": "Function",
          "body": {
            "kind": "BinaryOperator",
            "operator": "+",
            "right": {
              "kind": "Call",
              "args": [
                {
                  "kind": "PositionalArgument",
                  "value": {
                    "kind": "BinaryOperator",
                    "operator": "+",
                    "right": 1,
                    "left": {
                      "kind": "Local",
                      "name": "item"
                    }
                  }
                }
              ],
              "value": {
                "kind": "Local",
                "name": "number_to_string"
              }
            },
            "left": "Plus 1: "
          },
          "parameters": [
            {
              "name": {
                "kind": "Identifier",
                "name": "item"
              }
            }
          ]
        }
      }
    ],
    "value": {
      "kind": "Local",
      "name": "map"
    }
  }
]