(9:68) Incompatible types for binary operator boolean + number
array<string>
