<program>
  <comment>
    <declarelocal>
      <record>
        <recordentry>
          <literal />
        </recordentry>
        <recordentry>
          <literal />
        </recordentry>
      </record>
    </declarelocal>
  </comment>
  <comment>
    <declarelocal>
      <record>
        <recordentry>
          <literal />
        </recordentry>
        <recordentry>
          <literal />
        </recordentry>
        <recordentry>
          <literal />
        </recordentry>
      </record>
    </declarelocal>
  </comment>
  <comment>
    <declarelocal>
      <record>
        <recordentry>
          <literal />
        </recordentry>
      </record>
    </declarelocal>
  </comment>
  <comment>
    <declarelocal>
      <record>
        <recordentry>
          <literal />
        </recordentry>
        <recordentry>
          <literal />
        </recordentry>
      </record>
    </declarelocal>
  </comment>
  <comment>
    <declarelocal>
      <record>
        <recordentry>
          <literal />
        </recordentry>
        <recordentry>
          <literal />
        </recordentry>
      </record>
    </declarelocal>
  </comment>
</program>
