(1:23) Incompatible initial value: Not assignable to dict, because key ce is not assignable: Type number is not assignable to string
null
