<program>
  <pipe>
    <kindedrecord>
      <local />
    </kindedrecord>
    <local />
  </pipe>
</program>
