<program>
  <declarelocal>
  </declarelocal>
  <declarelocal>
  </declarelocal>
  <declarelocal>
  </declarelocal>
  <local />
</program>
