(3:3) Unknown symbol: Text
(12:3) Unknown symbol: Column
(15:5) Unknown symbol: Text
(16:5) Unknown symbol: Text
(17:5) Unknown symbol: Text
(18:5) Unknown symbol: Text
(23:5) Unknown symbol: Text
(25:5) Unknown symbol: Text
(31:5) Unknown symbol: Text
(37:5) Unknown symbol: Text
(44:5) Unknown symbol: Text
(53:5) Unknown symbol: Text
(58:5) Unknown symbol: Row
(59:7) Unknown symbol: Text
(70:3) Unknown symbol: Column
(73:5) Unknown symbol: InputText
(75:5) Unknown symbol: InputText
(80:5) Unknown symbol: InputText
(82:5) Unknown symbol: InputText
(84:5) Unknown symbol: InputText
(90:5) Unknown symbol: InputText
(102:3) Unknown symbol: Column
(104:5) Unknown symbol: Row
(105:7) Unknown symbol: CheckBox
(106:7) Unknown symbol: Switch
(108:5) Unknown symbol: Row
(109:7) Unknown symbol: CheckBox
(114:7) Unknown symbol: Switch
(120:5) Unknown symbol: Row
(121:7) Unknown symbol: CheckBox
(126:7) Unknown symbol: Switch
(132:5) Unknown symbol: Row
(133:7) Unknown symbol: CheckBox
(139:7) Unknown symbol: Switch
(153:3) Unknown symbol: Column
(156:5) Unknown symbol: Switch
(158:5) Unknown symbol: Button
(160:5) Unknown symbol: Button
(163:23) Unknown symbol: log
(167:5) Unknown symbol: Button
(173:5) Unknown symbol: Button
(179:5) Unknown symbol: Button
(186:5) Unknown symbol: Button
(190:23) Unknown symbol: log
(193:5) Unknown symbol: Button
(198:24) Unknown symbol: log
(206:3) Unknown symbol: Column
(208:5) Unknown symbol: Link
(218:3) Unknown symbol: Column
(221:5) Unknown symbol: Switch
(226:5) Unknown symbol: Switch
(228:5) Unknown symbol: Row
(229:7) Unknown symbol: Select
(233:7) Unknown symbol: Text
(236:5) Unknown symbol: Pager
(241:21) Unknown symbol: string_to_number
(253:3) Unknown symbol: Column
(256:5) Unknown symbol: Switch
(258:5) Unknown symbol: Select
(264:5) Unknown symbol: Select
(270:5) Unknown symbol: Text
(271:5) Unknown symbol: Select
(276:5) Unknown symbol: Select
(283:5) Unknown symbol: Row
(285:12) Unknown symbol: array_map
(297:5) Unknown symbol: Row
(299:12) Unknown symbol: array_map
(328:3) Unknown symbol: Column
(331:5) Unknown symbol: CheckBox
(336:5) Unknown symbol: CheckBox
(338:5) Unknown symbol: CheckBox
(340:5) Unknown symbol: CheckBox
(345:5) Unknown symbol: CheckBox
(347:5) Unknown symbol: Table
(348:20) Implicit parameter row, expected parameters: unknown parameter list
(356:25) Implicit parameter row, expected parameters: unknown parameter list
(356:32) Unknown symbol: Text
(359:39) Implicit parameter row, expected parameters: unknown parameter list
(359:46) Unknown symbol: Text
(364:5) Unknown symbol: Table
(372:5) Unknown symbol: Table
(381:24) Implicit parameter row, expected parameters: unknown parameter list
(381:31) Unknown symbol: Text
(393:3) Unknown symbol: Column
(396:5) Unknown symbol: Switch
(398:5) Unknown symbol: Tabs
(405:9) Unknown symbol: Row
(406:21) Unknown symbol: flex
(407:11) Unknown symbol: Button
(415:19) Unknown symbol: Text
(416:19) Unknown symbol: Text
(428:3) Unknown symbol: Column
(431:5) Unknown symbol: Row
(432:7) Unknown symbol: Switch
(434:7) Unknown symbol: Switch
(440:5) Unknown symbol: Row
(441:7) Unknown symbol: Radio
(446:7) Unknown symbol: Radio
(451:7) Unknown symbol: Radio
(458:5) Unknown symbol: Loader
(464:5) Unknown symbol: Row
(467:7) Unknown symbol: InputText
(469:19) Implicit parameter newValue, expected parameters: unknown parameter list
(469:43) Unknown symbol: string_to_number
(474:7) Unknown symbol: InputText
(476:19) Implicit parameter newValue, expected parameters: unknown parameter list
(476:41) Unknown symbol: string_to_number
(480:5) Unknown symbol: Loader
(496:3) Unknown symbol: Column
(499:5) Unknown symbol: Row
(500:7) Unknown symbol: Text
(501:7) Unknown symbol: Radio
(506:7) Unknown symbol: Radio
(511:7) Unknown symbol: Radio
(518:5) Unknown symbol: Button
(521:24) Type of expression is not compatible during assignment: Type string is not assignable to null
(522:21) Type of expression is not compatible during assignment: Type boolean is not assignable to null
(523:27) Type of expression is not compatible during assignment: Type boolean is not assignable to null
(527:5) Unknown symbol: Button
(530:24) Type of expression is not compatible during assignment: Type string is not assignable to null
(531:21) Type of expression is not compatible during assignment: Type boolean is not assignable to null
(532:27) Type of expression is not compatible during assignment: Type boolean is not assignable to null
(536:5) Unknown symbol: Button
(539:24) Type of expression is not compatible during assignment: Type string is not assignable to null
(540:21) Type of expression is not compatible during assignment: Type boolean is not assignable to null
(541:27) Type of expression is not compatible during assignment: Type boolean is not assignable to null
(545:5) Unknown symbol: Button
(548:24) Type of expression is not compatible during assignment: Type string is not assignable to null
(549:21) Type of expression is not compatible during assignment: Type boolean is not assignable to null
(550:27) Type of expression is not compatible during assignment: Type boolean is not assignable to null
(555:7) Unknown symbol: Overlay
(559:43) Type of expression is not compatible during assignment: Type boolean is not assignable to null
(562:9) Unknown symbol: Text
(563:9) Unknown symbol: Text
(572:3) Unknown symbol: Column
(575:5) Unknown symbol: Button
(577:22) Unknown symbol: unknown_function
(583:3) Unknown symbol: Column
(586:5) Unknown symbol: Snippet
(593:1) Unknown symbol: Column
(596:3) Unknown symbol: Debug
(610:3) Unknown symbol: Column
(611:5) Unknown symbol: Row
(612:7) Unknown symbol: Text
(613:7) Unknown symbol: Select
(615:19) Implicit parameter newVal, expected parameters: unknown parameter list
(617:11) Unknown symbol: set_system_property
(623:5) Unknown symbol: Row
(626:7) Unknown symbol: View
(627:7) Unknown symbol: View
(628:7) Unknown symbol: View
(629:7) Unknown symbol: View
(630:7) Unknown symbol: View
(631:7) Unknown symbol: View
(632:7) Unknown symbol: View
(637:7) Unknown symbol: View
(638:7) Unknown symbol: View
(639:7) Unknown symbol: View
(640:7) Unknown symbol: View
(641:7) Unknown symbol: View
(642:7) Unknown symbol: View
kinded-record
